// Jest Snapshot v1, https://goo.gl/fbAQLP

exports[`Photo component renders a Photo 1`] = `
<img
  src="path/to/photo"
/>
`;
