// Jest Snapshot v1, https://goo.gl/fbAQLP

exports[`Header component renders a Header 1`] = `
<h1>
  Simple Text Formatter
</h1>
`;
