// Jest Snapshot v1, https://goo.gl/fbAQLP

exports[`Header component renders a Header 1`] = `
<header
  className="Header"
>
  <h1>
    Cute Puppy Photos!!
  </h1>
</header>
`;
